0          0.2507            0
1         -0.2058     2.22e-18
2          0.1138            0
3        -0.04242   -8.882e-18
4         0.01065    1.277e-17
5       -0.001803    1.318e-18
6       0.0002055     -6.8e-18
7       -1.59e-05   -6.257e-18
8        7.46e-07   -1.409e-20
9      -1.313e-07   -5.175e-18
